Your environment has been set up for using Node.js 6.2.0 (x64) and npm.

C:\Users\shado>dir
 驱动器 C 中的卷是 Windows
 卷的序列号是 E65B-CE8A

 C:\Users\shado 的目录

2016/05/21  15:37    <DIR>          .
2016/05/21  15:37    <DIR>          ..
2016/05/21  15:37               151 .gitconfig
2016/05/21  11:24                18 .node_repl_history
2016/05/21  11:19    <DIR>          .oracle_jre_usage
2016/05/21  15:37    <DIR>          .ssh
2016/05/21  11:16    <DIR>          .WebStorm2016.1
2016/05/21  10:23    <DIR>          Contacts
2016/05/21  15:36    <DIR>          Desktop
2016/05/21  15:35    <DIR>          Documents
2016/05/21  16:08    <DIR>          Downloads
2016/05/21  10:23    <DIR>          Favorites
2016/05/21  10:23    <DIR>          Links
2016/05/21  10:23    <DIR>          Music
2016/05/21  11:17    <DIR>          OneDrive
2016/05/21  10:25    <DIR>          Pictures
2016/01/27  11:41    <DIR>          Roaming
2016/05/21  10:23    <DIR>          Saved Games
2016/05/21  10:26    <DIR>          Searches
2016/05/21  10:23    <DIR>          Videos
2016/05/21  11:25    <DIR>          WebstormProjects
               2 个文件            169 字节
              19 个目录 79,118,524,416 可用字节

C:\Users\shado>cd WebstromProjects
系统找不到指定的路径。

C:\Users\shado>cd WebstormProjects

C:\Users\shado\WebstormProjects>help\
'help\' 不是内部或外部命令，也不是可运行的程序
或批处理文件。

C:\Users\shado\WebstormProjects>npm install koa-gzip --save
npm WARN deprecated koa-gzip@0.1.0: please use koa-compress instead.
npm WARN saveError ENOENT: no such file or directory, open 'C:\Users\shado\WebstormProjects\package.json'
C:\Users\shado\WebstormProjects
`-- koa-gzip@0.1.0
  `-- thunkify-wrap@0.1.1

npm WARN enoent ENOENT: no such file or directory, open 'C:\Users\shado\WebstormProjects\package.json'
npm WARN WebstormProjects No description
npm WARN WebstormProjects No repository field.
npm WARN WebstormProjects No README data
npm WARN WebstormProjects No license field.

C:\Users\shado\WebstormProjects>dir
 驱动器 C 中的卷是 Windows
 卷的序列号是 E65B-CE8A

 C:\Users\shado\WebstormProjects 的目录

2016/05/21  16:11    <DIR>          .
2016/05/21  16:11    <DIR>          ..
2016/05/21  16:08    <DIR>          club
2016/05/21  16:11    <DIR>          node_modules
               0 个文件              0 字节
               4 个目录 79,118,041,088 可用字节

C:\Users\shado\WebstormProjects>cd club

C:\Users\shado\WebstormProjects\club>npm install koa-gzip --save
npm WARN deprecated koa-gzip@0.1.0: please use koa-compress instead.
club@0.0.1 C:\Users\shado\WebstormProjects\club
`-- koa-gzip@0.1.0
  `-- thunkify-wrap@0.1.1


C:\Users\shado\WebstormProjects\club>npm install koa --save
club@0.0.1 C:\Users\shado\WebstormProjects\club
`-- koa@1.1.2
  +-- accepts@1.3.3
  | `-- negotiator@0.6.1
  +-- co@4.6.0
  +-- composition@2.3.0
  | `-- any-promise@1.3.0
  +-- content-disposition@0.5.1
  +-- content-type@1.0.2
  +-- cookies@0.5.1
  | `-- keygrip@1.0.1
  +-- debug@2.2.0
  | `-- ms@0.7.1
  +-- delegates@0.1.0
  +-- destroy@1.0.4
  +-- error-inject@1.0.0
  +-- escape-html@1.0.3
  +-- fresh@0.3.0
  +-- http-assert@1.2.0
  | +-- deep-equal@1.0.1
  | `-- http-errors@1.4.0
  +-- http-errors@1.5.0
  | +-- inherits@2.0.1
  | `-- setprototypeof@1.0.1
  +-- koa-compose@2.4.0
  +-- koa-is-json@1.0.0
  +-- mime-types@2.1.11
  | `-- mime-db@1.23.0
  +-- on-finished@2.3.0
  | `-- ee-first@1.1.1
  +-- only@0.0.2
  +-- parseurl@1.3.1
  +-- statuses@1.3.0
  +-- type-is@1.6.13
  | `-- media-typer@0.3.0
  `-- vary@1.1.0


C:\Users\shado\WebstormProjects\club>npm install koa-logger  --save
club@0.0.1 C:\Users\shado\WebstormProjects\club
`-- koa-logger@1.3.0
  +-- bytes@1.0.0
  +-- chalk@1.1.3
  | +-- ansi-styles@2.2.1
  | +-- escape-string-regexp@1.0.5
  | +-- has-ansi@2.0.0
  | | `-- ansi-regex@2.0.0
  | +-- strip-ansi@3.0.1
  | `-- supports-color@2.0.0
  +-- humanize-number@0.0.2
  `-- passthrough-counter@1.0.0


C:\Users\shado\WebstormProjects\club>npm install koa-bodyparser  --save
club@0.0.1 C:\Users\shado\WebstormProjects\club
`-- koa-bodyparser@2.0.1
  +-- co-body@3.1.0
  | +-- qs@4.0.0
  | `-- raw-body@2.1.6
  |   +-- bytes@2.3.0
  |   +-- iconv-lite@0.4.13
  |   `-- unpipe@1.0.0
  `-- copy-to@2.0.1


C:\Users\shado\WebstormProjects\club>npm install koa-static-cache  --save
club@0.0.1 C:\Users\shado\WebstormProjects\club
`-- koa-static-cache@3.1.3
  +-- compressible@2.0.8
  +-- fs-readdir-recursive@1.0.0
  `-- mime-types@2.0.14
    `-- mime-db@1.12.0


C:\Users\shado\WebstormProjects\club>npm install koa-errorhanlder  --save
npm ERR! Windows_NT 10.0.10586
npm ERR! argv "C:\\Program Files\\nodejs\\node.exe" "C:\\Program Files\\nodejs\\node_modules\\npm\\bin\\npm-cli.js" "install" "koa-errorhanlder" "--save"
npm ERR! node v6.2.0
npm ERR! npm  v3.8.9
npm ERR! code E404

npm ERR! 404 Registry returned 404 for GET on https://registry.npmjs.org/koa-errorhanlder
npm ERR! 404
npm ERR! 404  'koa-errorhanlder' is not in the npm registry.
npm ERR! 404 You should bug the author to publish it (or use the name yourself!)
npm ERR! 404
npm ERR! 404 Note that you can also install from a
npm ERR! 404 tarball, folder, http url, or git url.

npm ERR! Please include the following file with any support request:
npm ERR!     C:\Users\shado\WebstormProjects\club\npm-debug.log

C:\Users\shado\WebstormProjects\club>npm install koa-generic-session  --save
club@0.0.1 C:\Users\shado\WebstormProjects\club
`-- koa-generic-session@1.10.0
  +-- crc@3.3.0
  `-- uid-safe@2.0.0
    `-- base64-url@1.2.1


C:\Users\shado\WebstormProjects\club>npm install koa-errorhandler  --save
club@0.0.1 C:\Users\shado\WebstormProjects\club
`-- koa-errorhandler@0.1.1
  `-- swig@1.4.2
    +-- optimist@0.6.1
    | +-- minimist@0.0.10
    | `-- wordwrap@0.0.3
    `-- uglify-js@2.4.24
      +-- async@0.2.10
      +-- source-map@0.1.34
      | `-- amdefine@1.0.0
      +-- uglify-to-browserify@1.0.2
      `-- yargs@3.5.4
        +-- camelcase@1.2.1
        +-- decamelize@1.2.0
        +-- window-size@0.1.0
        `-- wordwrap@0.0.2


C:\Users\shado\WebstormProjects\club>npm install koa-flash  --save
club@0.0.1 C:\Users\shado\WebstormProjects\club
`-- koa-flash@1.0.0


C:\Users\shado\WebstormProjects\club>npm install koa-scheme  --save
club@0.0.1 C:\Users\shado\WebstormProjects\club
`-- koa-scheme@2.2.0
  +-- flat@1.6.1
  | `-- is-buffer@1.1.3
  +-- methods@1.1.2
  `-- path-to-regexp@1.2.1
    `-- isarray@0.0.1


C:\Users\shado\WebstormProjects\club>npm install koa-router  --save
club@0.0.1 C:\Users\shado\WebstormProjects\club
`-- koa-router@5.4.0


C:\Users\shado\WebstormProjects\club>npm install koa-router-cache  --save
club@0.0.1 C:\Users\shado\WebstormProjects\club
`-- koa-router-cache@0.3.0
  `-- memory-cache@0.1.5


C:\Users\shado\WebstormProjects\club>npm install co-ejs  --save
club@0.0.1 C:\Users\shado\WebstormProjects\club
`-- co-ejs@1.5.2
  `-- merge-descriptors@1.0.0


C:\Users\shado\WebstormProjects\club>npm install config-lite  --save
club@0.0.1 C:\Users\shado\WebstormProjects\club
`-- config-lite@1.2.0
  +-- js-yaml@3.6.1
  | +-- argparse@1.0.7
  | | `-- sprintf-js@1.0.3
  | `-- esprima@2.7.2
  +-- merge-descriptors@1.0.1
  `-- resolve@1.1.7


C:\Users\shado\WebstormProjects\club>npm install merge-descriptors  --save
club@0.0.1 C:\Users\shado\WebstormProjects\club
`-- merge-descriptors@1.0.0


C:\Users\shado\WebstormProjects\club>